[     151ms] [INFO] %cDownload the React DevTools for a better development experience: https://react.dev/link/react-devtools font-weight:bold @ http://localhost:5173/node_modules/.vite/deps/react-dom_client.js?v=e1d4c098:20100
[   61132ms] [ERROR] Access to fetch at 'http://localhost:8000/markets/KXBTC15M-26JUN102145-45/snapshots?limit=300' from origin 'http://localhost:5173' has been blocked by CORS policy: No 'Access-Control-Allow-Origin' header is present on the requested resource. @ http://localhost:5173/:0
[   61132ms] [ERROR] Failed to load resource: net::ERR_FAILED @ http://localhost:8000/markets/KXBTC15M-26JUN102145-45/snapshots?limit=300:0
[   61144ms] [ERROR] Access to fetch at 'http://localhost:8000/markets/KXBTC15M-26JUN102145-45/snapshots?limit=300' from origin 'http://localhost:5173' has been blocked by CORS policy: No 'Access-Control-Allow-Origin' header is present on the requested resource. @ http://localhost:5173/:0
[   61144ms] [ERROR] Failed to load resource: net::ERR_FAILED @ http://localhost:8000/markets/KXBTC15M-26JUN102145-45/snapshots?limit=300:0
[   91125ms] [ERROR] Access to fetch at 'http://localhost:8000/markets/KXBTC15M-26JUN102145-45/snapshots?limit=300' from origin 'http://localhost:5173' has been blocked by CORS policy: No 'Access-Control-Allow-Origin' header is present on the requested resource. @ http://localhost:5173/:0
[   91125ms] [ERROR] Failed to load resource: net::ERR_FAILED @ http://localhost:8000/markets/KXBTC15M-26JUN102145-45/snapshots?limit=300:0
[  121138ms] [ERROR] Access to fetch at 'http://localhost:8000/markets/KXBTC15M-26JUN102145-45/snapshots?limit=300' from origin 'http://localhost:5173' has been blocked by CORS policy: No 'Access-Control-Allow-Origin' header is present on the requested resource. @ http://localhost:5173/:0
[  121138ms] [ERROR] Failed to load resource: net::ERR_FAILED @ http://localhost:8000/markets/KXBTC15M-26JUN102145-45/snapshots?limit=300:0
[  151125ms] [ERROR] Access to fetch at 'http://localhost:8000/markets/KXBTC15M-26JUN102145-45/snapshots?limit=300' from origin 'http://localhost:5173' has been blocked by CORS policy: No 'Access-Control-Allow-Origin' header is present on the requested resource. @ http://localhost:5173/:0
[  151125ms] [ERROR] Failed to load resource: net::ERR_FAILED @ http://localhost:8000/markets/KXBTC15M-26JUN102145-45/snapshots?limit=300:0
[  181107ms] [ERROR] Access to fetch at 'http://localhost:8000/markets/KXBTC15M-26JUN102145-45/snapshots?limit=300' from origin 'http://localhost:5173' has been blocked by CORS policy: No 'Access-Control-Allow-Origin' header is present on the requested resource. @ http://localhost:5173/:0
[  181107ms] [ERROR] Failed to load resource: net::ERR_FAILED @ http://localhost:8000/markets/KXBTC15M-26JUN102145-45/snapshots?limit=300:0
[  211104ms] [ERROR] Access to fetch at 'http://localhost:8000/markets/KXBTC15M-26JUN102145-45/snapshots?limit=300' from origin 'http://localhost:5173' has been blocked by CORS policy: No 'Access-Control-Allow-Origin' header is present on the requested resource. @ http://localhost:5173/:0
[  211104ms] [ERROR] Failed to load resource: net::ERR_FAILED @ http://localhost:8000/markets/KXBTC15M-26JUN102145-45/snapshots?limit=300:0
[  241103ms] [ERROR] Access to fetch at 'http://localhost:8000/markets/KXBTC15M-26JUN102145-45/snapshots?limit=300' from origin 'http://localhost:5173' has been blocked by CORS policy: No 'Access-Control-Allow-Origin' header is present on the requested resource. @ http://localhost:5173/:0
[  241103ms] [ERROR] Failed to load resource: net::ERR_FAILED @ http://localhost:8000/markets/KXBTC15M-26JUN102145-45/snapshots?limit=300:0
[  271101ms] [ERROR] Access to fetch at 'http://localhost:8000/markets/KXBTC15M-26JUN102145-45/snapshots?limit=300' from origin 'http://localhost:5173' has been blocked by CORS policy: No 'Access-Control-Allow-Origin' header is present on the requested resource. @ http://localhost:5173/:0
[  271101ms] [ERROR] Failed to load resource: net::ERR_FAILED @ http://localhost:8000/markets/KXBTC15M-26JUN102145-45/snapshots?limit=300:0
[  301105ms] [ERROR] Access to fetch at 'http://localhost:8000/markets/KXBTC15M-26JUN102145-45/snapshots?limit=300' from origin 'http://localhost:5173' has been blocked by CORS policy: No 'Access-Control-Allow-Origin' header is present on the requested resource. @ http://localhost:5173/:0
[  301105ms] [ERROR] Failed to load resource: net::ERR_FAILED @ http://localhost:8000/markets/KXBTC15M-26JUN102145-45/snapshots?limit=300:0
